// Jest Snapshot v1, https://goo.gl/fbAQLP

exports[`# integration test ## should generate design 1`] = `
"info: Initializing git repository testoutput/.git
info: loading extension /Users/ashwin/pmgr/gen-cmake-fibre/node_modules/.bin/../@kurlytail/gen-cmake/scripts/../templates/extensions/cmake-minimum-required-version-default._
info: loading extension /Users/ashwin/pmgr/gen-cmake-fibre/node_modules/.bin/../@kurlytail/gen-cmake/scripts/../templates/extensions/cmake-message-versions._
info: loading extension /Users/ashwin/pmgr/gen-cmake-fibre/node_modules/.bin/../@kurlytail/gen-cmake/scripts/../templates/extensions/cmake-message-processor._
info: Generated testoutput/CMakeLists.txt from template node_modules/@kurlytail/gen-cmake/templates/CMakeLists.txt._
info: Committed generated files
info: Attempting to use branch master-sgen-generated
info: Creating new branch master-sgen-generated
warn: Checkout branch master
warn: Checkout branch master
info: sgen is done
"
`;

exports[`# integration test ## should generate design and run cmake-fibre commands 1`] = `
"info: Initializing git repository testoutput/.git
info: loading extension /Users/ashwin/pmgr/gen-cmake-fibre/node_modules/.bin/../@kurlytail/gen-cmake/scripts/../templates/extensions/cmake-minimum-required-version-default._
info: loading extension /Users/ashwin/pmgr/gen-cmake-fibre/node_modules/.bin/../@kurlytail/gen-cmake/scripts/../templates/extensions/cmake-message-versions._
info: loading extension /Users/ashwin/pmgr/gen-cmake-fibre/node_modules/.bin/../@kurlytail/gen-cmake/scripts/../templates/extensions/cmake-message-processor._
info: Generated testoutput/CMakeLists.txt from template node_modules/@kurlytail/gen-cmake/templates/CMakeLists.txt._
info: Committed generated files
info: Attempting to use branch master-sgen-generated
info: Creating new branch master-sgen-generated
warn: Checkout branch master
warn: Checkout branch master
info: sgen is done
"
`;

exports[`# integration test ## should print help options 1`] = `
"Usage:
  node sgen [OPTION]

Options:
  -m, --map=ARG+       mapping files
  -d, --design=ARG+    design files
  -e, --extension=ARG+ extension directories or files
  -o, --output=ARG     output directory for generated files
      --overwrite=ARG  Overwrite modes, can be one of skip, regen, error                                  (default: error)
      --forceOverwrite Override overwrite flags in the generator map with the one provided on --overwrite
  -h, --help           display this help
"
`;
